// Jest Snapshot v1, https://goo.gl/fbAQLP

exports[`Sphere d=2 generates a circle with 10 points 1`] = `
Array [
  Array [
    -0.8090169943749473,
    0.5877852522924732,
  ],
  Array [
    -0.30901699437494734,
    0.9510565162951536,
  ],
  Array [
    0.30901699437494745,
    0.9510565162951535,
  ],
  Array [
    0.8090169943749475,
    0.5877852522924731,
  ],
  Array [
    1,
    0,
  ],
  Array [
    0.8090169943749475,
    -0.5877852522924731,
  ],
  Array [
    0.30901699437494745,
    -0.9510565162951535,
  ],
  Array [
    -0.30901699437494734,
    -0.9510565162951536,
  ],
  Array [
    -0.8090169943749473,
    -0.5877852522924732,
  ],
  Array [
    -1,
    -1.2246467991473532e-16,
  ],
]
`;

exports[`Sphere d=3 generates a sphere with 9 points 1`] = `
Array [
  Array [
    0.25000000000000033,
    0.8660254037844385,
    0.4330127018922195,
  ],
  Array [
    0.2500000000000001,
    0.8660254037844385,
    -0.43301270189221963,
  ],
  Array [
    -0.5000000000000003,
    0.8660254037844385,
    -6.12323399573677e-17,
  ],
  Array [
    0.2500000000000001,
    -0.8660254037844387,
    0.43301270189221913,
  ],
  Array [
    0.2499999999999999,
    -0.8660254037844387,
    -0.43301270189221924,
  ],
  Array [
    -0.4999999999999999,
    -0.8660254037844387,
    -6.123233995736765e-17,
  ],
  Array [
    -0.5000000000000003,
    -1.2246467991473532e-16,
    -0.8660254037844385,
  ],
  Array [
    -0.4999999999999999,
    -1.2246467991473532e-16,
    0.8660254037844387,
  ],
  Array [
    1,
    -1.2246467991473532e-16,
    1.2246467991473532e-16,
  ],
]
`;
